2026-08-09 16:15:25 [main] INFO  tests.JoinNowTest - TC27: Verifying Join Now form loads required fields
2026-08-09 16:15:25 [main] INFO  pages.JoinNowPage - Checking first name, email, and password fields are displayed
2026-08-09 16:15:50 [main] INFO  tests.JoinNowTest - TC27 [Excel-driven]:  -> email=''
2026-08-09 16:15:50 [main] INFO  pages.JoinNowPage - Entering registration email: 
2026-08-09 16:15:51 [main] INFO  pages.JoinNowPage - Entering registration password
2026-08-09 16:15:51 [main] INFO  pages.JoinNowPage - Clicking Join Now submit button
2026-08-09 16:15:52 [main] INFO  pages.JoinNowPage - Getting email validation error text
2026-08-09 16:16:19 [main] INFO  tests.JoinNowTest - TC27 [Excel-driven]:  -> email='sdfdshbfb'
2026-08-09 16:16:19 [main] INFO  pages.JoinNowPage - Entering registration email: sdfdshbfb
2026-08-09 16:16:19 [main] INFO  pages.JoinNowPage - Entering registration password
2026-08-09 16:16:19 [main] INFO  pages.JoinNowPage - Clicking Join Now submit button
2026-08-09 16:16:19 [main] INFO  pages.JoinNowPage - Getting email validation error text
2026-08-09 16:16:41 [main] INFO  tests.JoinNowTest - TC27 [Excel-driven]:  -> email='kumargmail.com'
2026-08-09 16:16:41 [main] INFO  pages.JoinNowPage - Entering registration email: kumargmail.com
2026-08-09 16:16:42 [main] INFO  pages.JoinNowPage - Entering registration password
2026-08-09 16:16:42 [main] INFO  pages.JoinNowPage - Clicking Join Now submit button
2026-08-09 16:16:43 [main] INFO  pages.JoinNowPage - Getting email validation error text
2026-08-09 16:17:08 [main] INFO  tests.JoinNowTest - TC27 [Excel-driven]:  -> email='.@gmail'
2026-08-09 16:17:08 [main] INFO  pages.JoinNowPage - Entering registration email: .@gmail
2026-08-09 16:17:08 [main] INFO  pages.JoinNowPage - Entering registration password
2026-08-09 16:17:08 [main] INFO  pages.JoinNowPage - Clicking Join Now submit button
2026-08-09 16:17:09 [main] INFO  pages.JoinNowPage - Getting email validation error text
2026-08-09 16:17:33 [main] INFO  tests.JoinNowTest - TC27 [Excel-driven]:  -> email='user@.com'
2026-08-09 16:17:33 [main] INFO  pages.JoinNowPage - Entering registration email: user@.com
2026-08-09 16:17:33 [main] INFO  pages.JoinNowPage - Entering registration password
2026-08-09 16:17:33 [main] INFO  pages.JoinNowPage - Clicking Join Now submit button
2026-08-09 16:17:33 [main] INFO  pages.JoinNowPage - Getting email validation error text
2026-08-09 16:17:58 [main] INFO  tests.JoinNowTest - TC27 [Excel-driven]:  -> email='user name@example.com'
2026-08-09 16:17:58 [main] INFO  pages.JoinNowPage - Entering registration email: user name@example.com
2026-08-09 16:17:59 [main] INFO  pages.JoinNowPage - Entering registration password
2026-08-09 16:17:59 [main] INFO  pages.JoinNowPage - Clicking Join Now submit button
2026-08-09 16:18:00 [main] INFO  pages.JoinNowPage - Getting email validation error text
2026-08-09 16:18:25 [main] INFO  tests.JoinNowTest - TC27 [Excel-driven]:  -> email='user@@example.com'
2026-08-09 16:18:25 [main] INFO  pages.JoinNowPage - Entering registration email: user@@example.com
2026-08-09 16:18:25 [main] INFO  pages.JoinNowPage - Entering registration password
2026-08-09 16:18:25 [main] INFO  pages.JoinNowPage - Clicking Join Now submit button
2026-08-09 16:18:26 [main] INFO  pages.JoinNowPage - Getting email validation error text
2026-08-09 16:18:49 [main] INFO  tests.JoinNowTest - TC27 [Excel-driven]:  -> email='user@example..com'
2026-08-09 16:18:49 [main] INFO  pages.JoinNowPage - Entering registration email: user@example..com
2026-08-09 16:18:49 [main] INFO  pages.JoinNowPage - Entering registration password
2026-08-09 16:18:50 [main] INFO  pages.JoinNowPage - Clicking Join Now submit button
2026-08-09 16:18:51 [main] INFO  pages.JoinNowPage - Getting email validation error text
2026-08-09 16:19:15 [main] INFO  tests.JoinNowTest - TC27 [Excel-driven]:  -> email='user@example.c'
2026-08-09 16:19:15 [main] INFO  pages.JoinNowPage - Entering registration email: user@example.c
2026-08-09 16:19:15 [main] INFO  pages.JoinNowPage - Entering registration password
2026-08-09 16:19:16 [main] INFO  pages.JoinNowPage - Clicking Join Now submit button
2026-08-09 16:19:16 [main] INFO  pages.JoinNowPage - Getting email validation error text
2026-08-09 16:19:42 [main] INFO  tests.JoinNowTest - TC28 [Excel-driven]:  -> password='abc', expected=Error
2026-08-09 16:19:42 [main] INFO  pages.JoinNowPage - Entering registration email: uniqueTestUser1786272582271@example.com
2026-08-09 16:19:43 [main] INFO  pages.JoinNowPage - Entering registration password
2026-08-09 16:19:43 [main] INFO  pages.JoinNowPage - Clicking Join Now submit button
2026-08-09 16:20:09 [main] INFO  tests.JoinNowTest - TC28 [Excel-driven]:  -> password='abcdefgh', expected=Error
2026-08-09 16:20:09 [main] INFO  pages.JoinNowPage - Entering registration email: uniqueTestUser1786272609801@example.com
2026-08-09 16:20:10 [main] INFO  pages.JoinNowPage - Entering registration password
2026-08-09 16:20:10 [main] INFO  pages.JoinNowPage - Clicking Join Now submit button
2026-08-09 16:20:34 [main] INFO  tests.JoinNowTest - TC28 [Excel-driven]:  -> password='abcdefg1', expected=Error
2026-08-09 16:20:34 [main] INFO  pages.JoinNowPage - Entering registration email: uniqueTestUser1786272634360@example.com
2026-08-09 16:20:34 [main] INFO  pages.JoinNowPage - Entering registration password
2026-08-09 16:20:35 [main] INFO  pages.JoinNowPage - Clicking Join Now submit button
2026-08-09 16:20:59 [main] INFO  tests.JoinNowTest - TC28 [Excel-driven]:  -> password='Abcdefg1', expected=Success
2026-08-09 16:20:59 [main] INFO  pages.JoinNowPage - Entering registration email: uniqueTestUser1786272659291@example.com
2026-08-09 16:20:59 [main] INFO  pages.JoinNowPage - Entering registration password
2026-08-09 16:21:00 [main] INFO  pages.JoinNowPage - Clicking Join Now submit button
2026-08-09 16:21:25 [main] INFO  tests.JoinNowTest - TC28 [Excel-driven]:  -> password='password', expected=Error
2026-08-09 16:21:25 [main] INFO  pages.JoinNowPage - Entering registration email: uniqueTestUser1786272685173@example.com
2026-08-09 16:21:25 [main] INFO  pages.JoinNowPage - Entering registration password
2026-08-09 16:21:26 [main] INFO  pages.JoinNowPage - Clicking Join Now submit button
